seq2seq: 7,995,200 parameters, 427,665 training pairs
  epoch 1 step 500/3342 loss 6.845 (0.785s/step)
  epoch 1 step 1000/3342 loss 6.532 (0.819s/step)
  epoch 1 step 1500/3342 loss 6.344 (0.789s/step)
--- restart Tue Sep 29 23:30:01 UTC 2026 ---
seq2seq: 7,995,200 parameters, 427,665 training pairs
  epoch 1 step 500/3342 loss 6.845 (0.707s/step)
  epoch 1 step 1000/3342 loss 6.532 (0.699s/step)
  epoch 1 step 1500/3342 loss 6.344 (0.699s/step)
  epoch 1 step 2000/3342 loss 6.215 (0.697s/step)
  epoch 1 step 2500/3342 loss 6.110 (0.701s/step)
  epoch 1 step 3000/3342 loss 6.025 (0.707s/step)
{"epoch": 1, "train_loss": 5.9739, "val_loss": 4.7596, "val_ppl": 116.7, "val_bleu_500": 0.64, "lr": 0.001, "steps": 3342, "partial_epoch": false}
    ይሁን እንጂ ይህ ደግሞ " የህልታነት " ነው ።
    እንዲያውም ይህ ደግሞ እውነተኛ ክርስቲያኖችን ይጨምራል ።
    የይሆዋ ምስክሮች በህልና ምእንስ ውስጥ የሚገኙ የይሆዋ ምስክሮችን ምንክን ምንክን ምንክንት ነበር ።
  epoch 2 step 500/3342 loss 5.447 (0.728s/step)
  epoch 2 step 1000/3342 loss 5.407 (0.716s/step)
  epoch 2 step 1500/3342 loss 5.378 (0.712s/step)
  epoch 2 step 2000/3342 loss 5.356 (0.719s/step)
  epoch 2 step 2500/3342 loss 5.336 (0.719s/step)
  epoch 2 step 3000/3342 loss 5.317 (0.720s/step)
{"epoch": 2, "train_loss": 5.3058, "val_loss": 4.3108, "val_ppl": 74.5, "val_bleu_500": 1.89, "lr": 0.001, "steps": 3342, "partial_epoch": false}
    ይሁን እንጂ ይህ ሁኔታ " ይህ ሰው " የሚል ትርጉም አለው ።
    ከጊዜ በኋላ እውነተኛ ክርስቲያኖችን እንዲጠብቁ ያደርጋል ።
    የይሆዋ ምስክሮችን በተመለከተ መጽሀፍ ቅዱስን ማጥናትና ደስታ ለማግኘት የሚያስችል ጥረት ማድረግ አስፈላጊ ነው ።
  epoch 3 step 500/3342 loss 5.127 (0.712s/step)
  epoch 3 step 1000/3342 loss 5.120 (0.714s/step)
  epoch 3 step 1500/3342 loss 5.111 (0.725s/step)
  epoch 3 step 2000/3342 loss 5.098 (0.722s/step)
  epoch 3 step 2500/3342 loss 5.090 (0.722s/step)
  epoch 3 step 3000/3342 loss 5.081 (0.723s/step)
{"epoch": 3, "train_loss": 5.0734, "val_loss": 4.0902, "val_ppl": 59.75, "val_bleu_500": 2.1, "lr": 0.001, "steps": 3342, "partial_epoch": false}
    ይሁን እንጂ ይህ ደግሞ " ይህ ሁሉ " ነው ።
    ከጊዜ በኋላ እውነተኛውን አምልኮ መቃወም አለበት ።
    ብዙ ሰዎች መጽሀፍ ቅዱስን ማጥናትና የይሆዋ ምስክሮችን የሚጠቀሙበት ጊዜ አለ ።
  epoch 4 step 500/3342 loss 4.958 (0.718s/step)
  epoch 4 step 1000/3342 loss 4.961 (0.717s/step)
  epoch 4 step 1500/3342 loss 4.959 (0.728s/step)
  epoch 4 step 2000/3342 loss 4.958 (0.730s/step)
{"epoch": 4, "train_loss": 4.9496, "val_loss": 3.9699, "val_ppl": 52.98, "val_bleu_500": 2.73, "lr": 0.001, "steps": 2448, "partial_epoch": true}
    ይሁን እንጂ ይህ " የህልም እንጀራ " ነው ።
    ከጊዜ በኋላ እውነተኛውን አምልኮ የሚቃወሙት ሰዎች ነበሩ ።
    ብዙ ወጣቶች ፣ የቤተሰብና የወላጆችን ስራ ተግባራዊ ማድረግ የሚችሉት እንዴት ነው ?
done in 150.1 min, best val loss 3.9699
